CREATE EXTENSION pathman;
SET enable_indexscan = OFF;
SET enable_bitmapscan = OFF;
CREATE TABLE hash_rel (
    id      SERIAL PRIMARY KEY,
    value   INTEGER);
SELECT create_hash_partitions('hash_rel', 'value', 3);
NOTICE:  trigger "hash_rel_insert_trigger" for relation "hash_rel" does not exist, skipping
NOTICE:  function hash_rel_hash_insert_trigger_func() does not exist, skipping
NOTICE:  trigger "hash_rel_update_trigger" for relation "hash_rel" does not exist, skipping
NOTICE:  function hash_rel_hash_update_trigger_func() does not exist, skipping
 create_hash_partitions 
------------------------
 
(1 row)

INSERT INTO hash_rel VALUES (1, 1);
INSERT INTO hash_rel VALUES (2, 2);
INSERT INTO hash_rel VALUES (3, 3);
INSERT INTO hash_rel VALUES (4, 4);
INSERT INTO hash_rel VALUES (5, 5);
INSERT INTO hash_rel VALUES (6, 6);
EXPLAIN (COSTS OFF) SELECT * FROM hash_rel;
          QUERY PLAN          
------------------------------
 Append
   ->  Seq Scan on hash_rel_0
   ->  Seq Scan on hash_rel_1
   ->  Seq Scan on hash_rel_2
(4 rows)

EXPLAIN (COSTS OFF) SELECT * FROM hash_rel WHERE value = 2;
          QUERY PLAN          
------------------------------
 Append
   ->  Seq Scan on hash_rel_2
         Filter: (value = 2)
(3 rows)

EXPLAIN (COSTS OFF) SELECT * FROM hash_rel WHERE value = 2 OR value = 1;
          QUERY PLAN          
------------------------------
 Append
   ->  Seq Scan on hash_rel_1
         Filter: (value = 1)
   ->  Seq Scan on hash_rel_2
         Filter: (value = 2)
(5 rows)

SELECT drop_hash_partitions('hash_rel');
NOTICE:  trigger "hash_rel_update_trigger" for relation "hash_rel" does not exist, skipping
NOTICE:  function hash_rel_hash_update_trigger_func() does not exist, skipping
 drop_hash_partitions 
----------------------
 
(1 row)

DROP TABLE hash_rel CASCADE;
NOTICE:  drop cascades to 3 other objects
DETAIL:  drop cascades to table hash_rel_0
drop cascades to table hash_rel_1
drop cascades to table hash_rel_2
CREATE TABLE num_range_rel (
    id SERIAL PRIMARY KEY,
    txt TEXT);
SELECT create_range_partitions('num_range_rel', 'id', 'num', '0', '1000', 3);
 create_range_partitions 
-------------------------
 
(1 row)

INSERT INTO num_range_rel SELECT g, md5(g::TEXT) FROM generate_series(1, 3000) as g;
VACUUM;
EXPLAIN (COSTS OFF) SELECT * FROM num_range_rel WHERE id > 2500;
              QUERY PLAN              
--------------------------------------
 Append
   ->  Seq Scan on num_range_rel_2000
         Filter: (id > 2500)
   ->  Seq Scan on num_range_rel_3000
(4 rows)

EXPLAIN (COSTS OFF) SELECT * FROM num_range_rel WHERE id >= 1000 AND id < 3000;
              QUERY PLAN              
--------------------------------------
 Append
   ->  Seq Scan on num_range_rel_1000
   ->  Seq Scan on num_range_rel_2000
(3 rows)

EXPLAIN (COSTS OFF) SELECT * FROM num_range_rel WHERE id >= 1500 AND id < 2500;
              QUERY PLAN              
--------------------------------------
 Append
   ->  Seq Scan on num_range_rel_1000
         Filter: (id >= 1500)
   ->  Seq Scan on num_range_rel_2000
         Filter: (id < 2500)
(5 rows)

EXPLAIN (COSTS OFF) SELECT * FROM num_range_rel WHERE (id >= 500 AND id < 1500) OR (id > 2500);
              QUERY PLAN              
--------------------------------------
 Append
   ->  Seq Scan on num_range_rel_0
         Filter: (id >= 500)
   ->  Seq Scan on num_range_rel_1000
         Filter: (id < 1500)
   ->  Seq Scan on num_range_rel_2000
         Filter: (id > 2500)
   ->  Seq Scan on num_range_rel_3000
(8 rows)

SELECT drop_range_partitions('num_range_rel');
 drop_range_partitions 
-----------------------
 
(1 row)

DROP TABLE num_range_rel CASCADE;
DROP EXTENSION pathman;
